---
source: crates/cli_bin/tests/apply.rs
expression: content
---
// https://github.com/actions/runner-images/blob/main/README.md#available-images
val validImages = listOf(
    "ubuntu-20.04",
    "ubuntu-22.04",
    "ubuntu-22.04",
    "ubuntu-24.04",
)

fun hi(name: String) = "hi " + name
